// Jest Snapshot v1, https://goo.gl/fbAQLP

exports[`Test of <GifItem /> should match with snapshot 1`] = `
<div>
  <div
    class="card"
  >
    <img
      alt="L"
      src="https://death-note/L.png"
    />
    <p>
      L
    </p>
  </div>
</div>
`;
